#-----------------------------------------------------------
# Vivado v2019.1.1 (64-bit)
# SW Build 2580384 on Sat Jun 29 08:12:21 MDT 2019
# IP Build 2579722 on Sat Jun 29 11:35:40 MDT 2019
# Start of session at: Tue Oct  1 22:27:49 2019
# Process ID: 11172
# Current directory: C:/Users/aptsi/Desktop/MIPS_single_cycle_processor
# Command line: vivado.exe -gui_launcher_event rodinguilauncherevent8068 C:\Users\aptsi\Desktop\MIPS_single_cycle_processor\MIPS_single_cycle_processor.xpr
# Log file: C:/Users/aptsi/Desktop/MIPS_single_cycle_processor/vivado.log
# Journal file: C:/Users/aptsi/Desktop/MIPS_single_cycle_processor\vivado.jou
#-----------------------------------------------------------
start_gui
open_project C:/Users/aptsi/Desktop/MIPS_single_cycle_processor/MIPS_single_cycle_processor.xpr
update_compile_order -fileset sources_1
launch_simulation
open_wave_config C:/Users/aptsi/Desktop/MIPS_single_cycle_processor/MIPS_single_cycle_processor.srcs/sim_1/imports/MIPS_single_cycle_processor/tb_SE_behav.wcfg
open_wave_config C:/Users/aptsi/Desktop/MIPS_single_cycle_processor/MIPS_single_cycle_processor.srcs/sim_1/imports/MIPS_single_cycle_processor/top_level_config.wcfg
source tb_MIPS_single_cycle_processor.tcl
relaunch_sim
relaunch_sim
relaunch_sim
relaunch_sim
relaunch_sim
relaunch_sim
relaunch_sim
save_wave_config {C:/Users/aptsi/Desktop/MIPS_single_cycle_processor/MIPS_single_cycle_processor.srcs/sim_1/imports/MIPS_single_cycle_processor/top_level_config.wcfg}
set_property -name {xsim.simulate.runtime} -value {100ns} -objects [get_filesets sim_1]
relaunch_sim
restart
run all
relaunch_sim
relaunch_sim
relaunch_sim
relaunch_sim
relaunch_sim
relaunch_sim
relaunch_sim
relaunch_sim
relaunch_sim
relaunch_sim
save_wave_config {C:/Users/aptsi/Desktop/MIPS_single_cycle_processor/MIPS_single_cycle_processor.srcs/sim_1/imports/MIPS_single_cycle_processor/top_level_config.wcfg}
relaunch_sim
save_wave_config {C:/Users/aptsi/Desktop/MIPS_single_cycle_processor/MIPS_single_cycle_processor.srcs/sim_1/imports/MIPS_single_cycle_processor/top_level_config.wcfg}
close_sim
